Rule[name=Nether Default, checks=[DimensionCheck[dimensionMatcher=[minecraft:the_nether][]]], action=ALLOW_SPAWN]
Rule[name=Safe Zone, checks=[SpawnReasonCheck[reasons=[STRUCTURE]], CategoryCheck[categories=[MONSTER]], EntityIdCheck[entityMatcher=[minecraft:sheep][]], WorldNameCheck[worldNames=[New World]], DimensionCheck[dimensionMatcher=[minecraft:overworld][]], BiomeCheck[biomeMatcher=[minecraft:plains][]], BlockIdCheck[blockMatcher=[minecraft:cobblestone][]], BlockXCheck[min=-128, max=234], BlockYCheck[min=33, max=2147483647], BlockZCheck[min=63, max=512], TimeOfDayCheck[min=0, max=1000], LightLevelCheck[min=5, max=10], SkylightLevelCheck[min=10, max=20], MoonPhaseCheck[matcher=[3, 4, 5]], WeatherCheck[matcher=[RAIN, THUNDER]], RandomCheck[odds=0.45]], action=DISALLOW_SPAWN]
LogLevel: TRACE
